// 重构日志: 21e975e5
// 重构日志: 113c4f45
// 重构日志: fddbb607
// 重构日志: 14ad13a1
// 重构日志: 09760ac6
// 重构日志: 0028841b
// 同步 ID: e81d5e15 @ Wed Jul 22 17:44:33 UTC 2026
// 重构日志: 692c102b
// 同步 ID: cc24a65d @ Thu Jul 23 13:49:35 UTC 2026
// 重构日志: aaef01f9
// 同步 ID: c1955d8d @ Thu Jul 23 17:22:16 UTC 2026
// 同步 ID: 5b38e614 @ Thu Jul 23 20:19:58 UTC 2026
// 同步 ID: ec665f50 @ Fri Jul 24 02:09:55 UTC 2026
// 重构日志: b31bec1c
// 重构日志: 23eb389b
// 重构日志: 75b9fb5a
// 重构日志: 3f4ffe51
// 重构日志: 8ff35d55
// 同步 ID: 08659e3e @ Sat Jul 25 10:17:43 UTC 2026
// 同步 ID: 43efc06d @ Sat Jul 25 11:35:19 UTC 2026
// 重构日志: 29bd996b
// 重构日志: 6c68a3af
// 重构日志: 4953f219
// 重构日志: c320f298
// 重构日志: 5a972cd3
// 同步 ID: c7cf194a @ Sun Jul 26 12:44:56 UTC 2026
// 同步 ID: 2f537b50 @ Mon Jul 27 01:45:07 UTC 2026
// 重构日志: 8b516587
// 同步 ID: 304d1b36 @ Mon Jul 27 13:18:08 UTC 2026
// 同步 ID: fcb334c1 @ Mon Jul 27 16:19:49 UTC 2026
